python : ..........F.......F....E............................
At line:1 char:1
+ python -m unittest tests.test_codegen_x86_64 > test_output.txt 2>&1
+ ~~~~~~~~~~~~~~~~~~~~~~~~~~~~~~~~~~~~~~~~~~~~~~~~~~~~~~~~~~~~~~~~~~~
    + CategoryInfo          : NotSpecified: (..........F......................:String) [], RemoteException
    + FullyQualifiedErrorId : NativeCommandError
 
======================================================================
ERROR: test_no_ebp_esp_in_32bit_mode (tests.test_codegen_x86_64.TestX86_64CodegenOutput.test_no_ebp_esp_in_32bit_mode)
Must use rbp/rsp not ebp/esp in memory operands.
----------------------------------------------------------------------
Traceback (most recent call last):
  File "D:\Coding\Python\Random Topic Practice\panda panda\nova\tests\test_codegen_x86_64.py", line 231, in 
test_no_ebp_esp_in_32bit_mode
    asm = compile_to_asm("x = 1; print(x)")
  File "D:\Coding\Python\Random Topic Practice\panda panda\nova\tests\test_codegen_x86_64.py", line 14, in 
compile_to_asm
    ast = Parser(tokens).parse()
  File "D:\Coding\Python\Random Topic Practice\panda panda\nova\tests\..\parser\parser.py", line 774, in parse
    stmt = self.parse_statement()
  File "D:\Coding\Python\Random Topic Practice\panda panda\nova\tests\..\parser\parser.py", line 573, in 
parse_statement
    expr = self.parse_expr()
  File "D:\Coding\Python\Random Topic Practice\panda panda\nova\tests\..\parser\parser.py", line 135, in parse_expr
    return self.parse_logic()
           ~~~~~~~~~~~~~~~~^^
  File "D:\Coding\Python\Random Topic Practice\panda panda\nova\tests\..\parser\parser.py", line 139, in parse_logic
    left = self.parse_compare()
  File "D:\Coding\Python\Random Topic Practice\panda panda\nova\tests\..\parser\parser.py", line 148, in parse_compare
    left = self.parse_add()
  File "D:\Coding\Python\Random Topic Practice\panda panda\nova\tests\..\parser\parser.py", line 158, in parse_add
    left = self.parse_mul()
  File "D:\Coding\Python\Random Topic Practice\panda panda\nova\tests\..\parser\parser.py", line 171, in parse_mul
    left = self.parse_unary()
  File "D:\Coding\Python\Random Topic Practice\panda panda\nova\tests\..\parser\parser.py", line 193, in parse_unary
    return self.parse_primary()
           ~~~~~~~~~~~~~~~~~~^^
  File "D:\Coding\Python\Random Topic Practice\panda panda\nova\tests\..\parser\parser.py", line 351, in parse_primary
    raise SyntaxError(f"Unexpected token: {token}")
SyntaxError: Unexpected token: ('SEMICOLON', ';', 1)

======================================================================
FAIL: test_data_fields (tests.test_codegen_x86_64.TestX86_64CodegenOutput.test_data_fields)
Struct field access uses 8-byte offsets.
----------------------------------------------------------------------
Traceback (most recent call last):
  File "D:\Coding\Python\Random Topic Practice\panda panda\nova\tests\test_codegen_x86_64.py", line 168, in 
test_data_fields
    self.assertIn("mov eax, [rax + 0]", asm)
    ~~~~~~~~~~~~~^^^^^^^^^^^^^^^^^^^^^^^^^^^
AssertionError: 'mov eax, [rax + 0]' not found in '.intel_syntax noprefix\n.global _main\n.extern _printf\n.extern 
_malloc\n.extern _free\n.extern _realloc\n.extern _fopen\n.extern _fclose\n.extern _fread\n.extern _fwrite\n.extern 
_fputs\n.extern _fputc\n.extern _fseek\n.extern _ftell\n.extern _fflush\n.extern _exit\n.extern _system\n.extern 
_strlen\n.extern _strcmp\n.extern _strcpy\n.extern _strcat\n.extern _strstr\n.extern _memset\n.extern 
_sprintf\n.extern _dict_new\n.extern _dict_get\n.extern _dict_set\n.extern _dict_has\n.extern _dict_remove\n.extern 
_dict_keys\n.extern _dict_values\n.extern _dict_items\n.text\n_main:\n    push rbp\n    mov rbp, rsp\n    and rsp, 
-16\n    sub rsp, 32\n    mov [rbp - 8], rdi\n    mov [rbp - 16], rsi\n    # line 3\n    mov edi, 16\n    call 
_malloc\n    mov [rbp - 24], rax\n    # line 4\n    mov rax, [rbp - 24]\n    mov rax, [rax + 0]\n    push rax\n    lea 
rdi, [rip + fmt_int]\n    pop rsi\n    mov eax, 0\n    call _printf\n    xor edi, edi\n    call _fflush\n    mov rsp, 
rbp\n    pop rbp\n    mov eax, 0\n    ret\n_concat_strings:\n    push rbp\n    mov rbp, rsp\n    push rbx\n    mov 
rdi, [rbp + 16]\n    call _strlen\n    mov ebx, eax\n    mov rdi, [rbp + 24]\n    call _strlen\n    add ebx, eax\n    
inc ebx\n    mov edi, ebx\n    call _malloc\n    push rax\n    mov rsi, [rbp + 16]\n    mov rdi, rax\n    call 
_strcpy\n    pop rax\n    push rax\n    mov rsi, [rbp + 24]\n    mov rdi, rax\n    call _strcat\n    pop rax\n    pop 
rbx\n    pop rbp\n    ret\n_slice_string:\n    push rbp\n    mov rbp, rsp\n    push rbx\n    mov rsi, [rbp + 16]\n    
mov ebx, [rbp + 24]\n    mov ecx, [rbp + 32]\n    sub ecx, ebx\n    cmp ecx, 0\n    jge L_slice_alloc_64\n    xor ecx, 
ecx\nL_slice_alloc_64:\n    push rcx\n    inc ecx\n    mov edi, ecx\n    call _malloc\n    pop rcx\n    mov rdi, rax\n 
   add rsi, rbx\n    push rdi\n    push rcx\n    cmp ecx, 0\n    jle L_slice_done_64\nL_slice_copy_64:\n    mov al, 
[rsi]\n    mov [rdi], al\n    inc rsi\n    inc rdi\n    dec ecx\n    cmp ecx, 0\n    jg 
L_slice_copy_64\nL_slice_done_64:\n    pop rcx\n    pop rdi\n    mov byte ptr [rdi + rcx], 0\n    mov rax, rdi\n    
pop rbx\n    pop rbp\n    ret\n_out_of_bounds:\n    lea rdi, [rip + oob_msg]\n    mov eax, 0\n    call _printf\n    
mov edi, 1\n    call _exit\n_sys_read:\n    push rbp\n    mov rbp, rsp\n    push rbx\n    sub rsp, 16\n    mov ebx, 
edi\n    xor esi, esi\n    mov edx, 2\n    call _fseek\n    mov edi, ebx\n    call _ftell\n    mov [rbp - 24], eax\n   
 mov edi, ebx\n    xor esi, esi\n    xor edx, edx\n    call _fseek\n    mov edi, [rbp - 24]\n    inc edi\n    call 
_malloc\n    mov [rbp - 32], rax\n    mov rdi, rax\n    mov esi, 1\n    mov edx, [rbp - 24]\n    mov ecx, ebx\n    
call _fread\n    mov rax, [rbp - 32]\n    mov ecx, [rbp - 24]\n    mov byte ptr [rax + rcx], 0\n    mov rsp, rbp\n    
pop rbx\n    pop rbp\n    ret\n.data\nfmt_int: .asciz "%d\\n"\nfmt_int_pure: .asciz "%d"\nfmt_str: .asciz 
"%s\\n"\nfmt_float: .asciz "%f\\n"\nfmt_float_pure: .asciz "%f"\ndebug_prefix: .asciz "debug - [line "\ndebug_suffix: 
.asciz "]: "\nstr_fmode_a: .asciz "a"\nstr_fmode_rw: .asciz "r+"\nstr_fmode_wp: .asciz "w+"\nstr_fmode_w: .asciz 
"w"\nstr_const_sys_platform: .asciz "macos"\nchar_strings:\n    .byte 0\n    .byte 0\n    .byte 1\n    .byte 0\n    
.byte 2\n    .byte 0\n    .byte 3\n    .byte 0\n    .byte 4\n    .byte 0\n    .byte 5\n    .byte 0\n    .byte 6\n    
.byte 0\n    .byte 7\n    .byte 0\n    .byte 8\n    .byte 0\n    .byte 9\n    .byte 0\n    .byte 10\n    .byte 0\n    
.byte 11\n    .byte 0\n    .byte 12\n    .byte 0\n    .byte 13\n    .byte 0\n    .byte 14\n    .byte 0\n    .byte 15\n 
   .byte 0\n    .byte 16\n    .byte 0\n    .byte 17\n    .byte 0\n    .byte 18\n    .byte 0\n    .byte 19\n    .byte 
0\n    .byte 20\n    .byte 0\n    .byte 21\n    .byte 0\n    .byte 22\n    .byte 0\n    .byte 23\n    .byte 0\n    
.byte 24\n    .byte 0\n    .byte 25\n    .byte 0\n    .byte 26\n    .byte 0\n    .byte 27\n    .byte 0\n    .byte 28\n 
   .byte 0\n    .byte 29\n    .byte 0\n    .byte 30\n    .byte 0\n    .byte 31\n    .byte 0\n    .byte 32\n    .byte 
0\n    .byte 33\n    .byte 0\n    .byte 34\n    .byte 0\n    .byte 35\n    .byte 0\n    .byte 36\n    .byte 0\n    
.byte 37\n    .byte 0\n    .byte 38\n    .byte 0\n    .byte 39\n    .byte 0\n    .byte 40\n    .byte 0\n    .byte 41\n 
   .byte 0\n    .byte 42\n    .byte 0\n    .byte 43\n    .byte 0\n    .byte 44\n    .byte 0\n    .byte 45\n    .byte 
0\n    .byte 46\n    .byte 0\n    .byte 47\n    .byte 0\n    .byte 48\n    .byte 0\n    .byte 49\n    .byte 0\n    
.byte 50\n    .byte 0\n    .byte 51\n    .byte 0\n    .byte 52\n    .byte 0\n    .byte 53\n    .byte 0\n    .byte 54\n 
   .byte 0\n    .byte 55\n    .byte 0\n    .byte 56\n    .byte 0\n    .byte 57\n    .byte 0\n    .byte 58\n    .byte 
0\n    .byte 59\n    .byte 0\n    .byte 60\n    .byte 0\n    .byte 61\n    .byte 0\n    .byte 62\n    .byte 0\n    
.byte 63\n    .byte 0\n    .byte 64\n    .byte 0\n    .byte 65\n    .byte 0\n    .byte 66\n    .byte 0\n    .byte 67\n 
   .byte 0\n    .byte 68\n    .byte 0\n    .byte 69\n    .byte 0\n    .byte 70\n    .byte 0\n    .byte 71\n    .byte 
0\n    .byte 72\n    .byte 0\n    .byte 73\n    .byte 0\n    .byte 74\n    .byte 0\n    .byte 75\n    .byte 0\n    
.byte 76\n    .byte 0\n    .byte 77\n    .byte 0\n    .byte 78\n    .byte 0\n    .byte 79\n    .byte 0\n    .byte 80\n 
   .byte 0\n    .byte 81\n    .byte 0\n    .byte 82\n    .byte 0\n    .byte 83\n    .byte 0\n    .byte 84\n    .byte 
0\n    .byte 85\n    .byte 0\n    .byte 86\n    .byte 0\n    .byte 87\n    .byte 0\n    .byte 88\n    .byte 0\n    
.byte 89\n    .byte 0\n    .byte 90\n    .byte 0\n    .byte 91\n    .byte 0\n    .byte 92\n    .byte 0\n    .byte 93\n 
   .byte 0\n    .byte 94\n    .byte 0\n    .byte 95\n    .byte 0\n    .byte 96\n    .byte 0\n    .byte 97\n    .byte 
0\n    .byte 98\n    .byte 0\n    .byte 99\n    .byte 0\n    .byte 100\n    .byte 0\n    .byte 101\n    .byte 0\n    
.byte 102\n    .byte 0\n    .byte 103\n    .byte 0\n    .byte 104\n    .byte 0\n    .byte 105\n    .byte 0\n    .byte 
106\n    .byte 0\n    .byte 107\n    .byte 0\n    .byte 108\n    .byte 0\n    .byte 109\n    .byte 0\n    .byte 110\n  
  .byte 0\n    .byte 111\n    .byte 0\n    .byte 112\n    .byte 0\n    .byte 113\n    .byte 0\n    .byte 114\n    
.byte 0\n    .byte 115\n    .byte 0\n    .byte 116\n    .byte 0\n    .byte 117\n    .byte 0\n    .byte 118\n    .byte 
0\n    .byte 119\n    .byte 0\n    .byte 120\n    .byte 0\n    .byte 121\n    .byte 0\n    .byte 122\n    .byte 0\n    
.byte 123\n    .byte 0\n    .byte 124\n    .byte 0\n    .byte 125\n    .byte 0\n    .byte 126\n    .byte 0\n    .byte 
127\n    .byte 0\n    .byte 128\n    .byte 0\n    .byte 129\n    .byte 0\n    .byte 130\n    .byte 0\n    .byte 131\n  
  .byte 0\n    .byte 132\n    .byte 0\n    .byte 133\n    .byte 0\n    .byte 134\n    .byte 0\n    .byte 135\n    
.byte 0\n    .byte 136\n    .byte 0\n    .byte 137\n    .byte 0\n    .byte 138\n    .byte 0\n    .byte 139\n    .byte 
0\n    .byte 140\n    .byte 0\n    .byte 141\n    .byte 0\n    .byte 142\n    .byte 0\n    .byte 143\n    .byte 0\n    
.byte 144\n    .byte 0\n    .byte 145\n    .byte 0\n    .byte 146\n    .byte 0\n    .byte 147\n    .byte 0\n    .byte 
148\n    .byte 0\n    .byte 149\n    .byte 0\n    .byte 150\n    .byte 0\n    .byte 151\n    .byte 0\n    .byte 152\n  
  .byte 0\n    .byte 153\n    .byte 0\n    .byte 154\n    .byte 0\n    .byte 155\n    .byte 0\n    .byte 156\n    
.byte 0\n    .byte 157\n    .byte 0\n    .byte 158\n    .byte 0\n    .byte 159\n    .byte 0\n    .byte 160\n    .byte 
0\n    .byte 161\n    .byte 0\n    .byte 162\n    .byte 0\n    .byte 163\n    .byte 0\n    .byte 164\n    .byte 0\n    
.byte 165\n    .byte 0\n    .byte 166\n    .byte 0\n    .byte 167\n    .byte 0\n    .byte 168\n    .byte 0\n    .byte 
169\n    .byte 0\n    .byte 170\n    .byte 0\n    .byte 171\n    .byte 0\n    .byte 172\n    .byte 0\n    .byte 173\n  
  .byte 0\n    .byte 174\n    .byte 0\n    .byte 175\n    .byte 0\n    .byte 176\n    .byte 0\n    .byte 177\n    
.byte 0\n    .byte 178\n    .byte 0\n    .byte 179\n    .byte 0\n    .byte 180\n    .byte 0\n    .byte 181\n    .byte 
0\n    .byte 182\n    .byte 0\n    .byte 183\n    .byte 0\n    .byte 184\n    .byte 0\n    .byte 185\n    .byte 0\n    
.byte 186\n    .byte 0\n    .byte 187\n    .byte 0\n    .byte 188\n    .byte 0\n    .byte 189\n    .byte 0\n    .byte 
190\n    .byte 0\n    .byte 191\n    .byte 0\n    .byte 192\n    .byte 0\n    .byte 193\n    .byte 0\n    .byte 194\n  
  .byte 0\n    .byte 195\n    .byte 0\n    .byte 196\n    .byte 0\n    .byte 197\n    .byte 0\n    .byte 198\n    
.byte 0\n    .byte 199\n    .byte 0\n    .byte 200\n    .byte 0\n    .byte 201\n    .byte 0\n    .byte 202\n    .byte 
0\n    .byte 203\n    .byte 0\n    .byte 204\n    .byte 0\n    .byte 205\n    .byte 0\n    .byte 206\n    .byte 0\n    
.byte 207\n    .byte 0\n    .byte 208\n    .byte 0\n    .byte 209\n    .byte 0\n    .byte 210\n    .byte 0\n    .byte 
211\n    .byte 0\n    .byte 212\n    .byte 0\n    .byte 213\n    .byte 0\n    .byte 214\n    .byte 0\n    .byte 215\n  
  .byte 0\n    .byte 216\n    .byte 0\n    .byte 217\n    .byte 0\n    .byte 218\n    .byte 0\n    .byte 219\n    
.byte 0\n    .byte 220\n    .byte 0\n    .byte 221\n    .byte 0\n    .byte 222\n    .byte 0\n    .byte 223\n    .byte 
0\n    .byte 224\n    .byte 0\n    .byte 225\n    .byte 0\n    .byte 226\n    .byte 0\n    .byte 227\n    .byte 0\n    
.byte 228\n    .byte 0\n    .byte 229\n    .byte 0\n    .byte 230\n    .byte 0\n    .byte 231\n    .byte 0\n    .byte 
232\n    .byte 0\n    .byte 233\n    .byte 0\n    .byte 234\n    .byte 0\n    .byte 235\n    .byte 0\n    .byte 236\n  
  .byte 0\n    .byte 237\n    .byte 0\n    .byte 238\n    .byte 0\n    .byte 239\n    .byte 0\n    .byte 240\n    
.byte 0\n    .byte 241\n    .byte 0\n    .byte 242\n    .byte 0\n    .byte 243\n    .byte 0\n    .byte 244\n    .byte 
0\n    .byte 245\n    .byte 0\n    .byte 246\n    .byte 0\n    .byte 247\n    .byte 0\n    .byte 248\n    .byte 0\n    
.byte 249\n    .byte 0\n    .byte 250\n    .byte 0\n    .byte 251\n    .byte 0\n    .byte 252\n    .byte 0\n    .byte 
253\n    .byte 0\n    .byte 254\n    .byte 0\n    .byte 255\n    .byte 0\noob_msg: .asciz "Index Out Of Bounds\\n"'

======================================================================
FAIL: test_len (tests.test_codegen_x86_64.TestX86_64CodegenOutput.test_len)
----------------------------------------------------------------------
Traceback (most recent call last):
  File "D:\Coding\Python\Random Topic Practice\panda panda\nova\tests\test_codegen_x86_64.py", line 221, in test_len
    self.assertIn("mov eax, [rax]", asm)
    ~~~~~~~~~~~~~^^^^^^^^^^^^^^^^^^^^^^^
AssertionError: 'mov eax, [rax]' not found in '.intel_syntax noprefix\n.global _main\n.extern _printf\n.extern 
_malloc\n.extern _free\n.extern _realloc\n.extern _fopen\n.extern _fclose\n.extern _fread\n.extern _fwrite\n.extern 
_fputs\n.extern _fputc\n.extern _fseek\n.extern _ftell\n.extern _fflush\n.extern _exit\n.extern _system\n.extern 
_strlen\n.extern _strcmp\n.extern _strcpy\n.extern _strcat\n.extern _strstr\n.extern _memset\n.extern 
_sprintf\n.extern _dict_new\n.extern _dict_get\n.extern _dict_set\n.extern _dict_has\n.extern _dict_remove\n.extern 
_dict_keys\n.extern _dict_values\n.extern _dict_items\n.text\n_main:\n    push rbp\n    mov rbp, rsp\n    and rsp, 
-16\n    sub rsp, 16\n    mov [rbp - 8], rdi\n    mov [rbp - 16], rsi\n    # line 1\n    lea rax, [rip + str_0]\n    
push rax\n    pop rdi\n    call _strlen\n    push rax\n    lea rdi, [rip + fmt_int]\n    pop rsi\n    mov eax, 0\n    
call _printf\n    xor edi, edi\n    call _fflush\n    mov rsp, rbp\n    pop rbp\n    mov eax, 0\n    
ret\n_concat_strings:\n    push rbp\n    mov rbp, rsp\n    push rbx\n    mov rdi, [rbp + 16]\n    call _strlen\n    
mov ebx, eax\n    mov rdi, [rbp + 24]\n    call _strlen\n    add ebx, eax\n    inc ebx\n    mov edi, ebx\n    call 
_malloc\n    push rax\n    mov rsi, [rbp + 16]\n    mov rdi, rax\n    call _strcpy\n    pop rax\n    push rax\n    mov 
rsi, [rbp + 24]\n    mov rdi, rax\n    call _strcat\n    pop rax\n    pop rbx\n    pop rbp\n    ret\n_slice_string:\n  
  push rbp\n    mov rbp, rsp\n    push rbx\n    mov rsi, [rbp + 16]\n    mov ebx, [rbp + 24]\n    mov ecx, [rbp + 
32]\n    sub ecx, ebx\n    cmp ecx, 0\n    jge L_slice_alloc_64\n    xor ecx, ecx\nL_slice_alloc_64:\n    push rcx\n   
 inc ecx\n    mov edi, ecx\n    call _malloc\n    pop rcx\n    mov rdi, rax\n    add rsi, rbx\n    push rdi\n    push 
rcx\n    cmp ecx, 0\n    jle L_slice_done_64\nL_slice_copy_64:\n    mov al, [rsi]\n    mov [rdi], al\n    inc rsi\n    
inc rdi\n    dec ecx\n    cmp ecx, 0\n    jg L_slice_copy_64\nL_slice_done_64:\n    pop rcx\n    pop rdi\n    mov byte 
ptr [rdi + rcx], 0\n    mov rax, rdi\n    pop rbx\n    pop rbp\n    ret\n_out_of_bounds:\n    lea rdi, [rip + 
oob_msg]\n    mov eax, 0\n    call _printf\n    mov edi, 1\n    call _exit\n_sys_read:\n    push rbp\n    mov rbp, 
rsp\n    push rbx\n    sub rsp, 16\n    mov ebx, edi\n    xor esi, esi\n    mov edx, 2\n    call _fseek\n    mov edi, 
ebx\n    call _ftell\n    mov [rbp - 24], eax\n    mov edi, ebx\n    xor esi, esi\n    xor edx, edx\n    call _fseek\n 
   mov edi, [rbp - 24]\n    inc edi\n    call _malloc\n    mov [rbp - 32], rax\n    mov rdi, rax\n    mov esi, 1\n    
mov edx, [rbp - 24]\n    mov ecx, ebx\n    call _fread\n    mov rax, [rbp - 32]\n    mov ecx, [rbp - 24]\n    mov byte 
ptr [rax + rcx], 0\n    mov rsp, rbp\n    pop rbx\n    pop rbp\n    ret\n.data\nfmt_int: .asciz "%d\\n"\nfmt_int_pure: 
.asciz "%d"\nfmt_str: .asciz "%s\\n"\nfmt_float: .asciz "%f\\n"\nfmt_float_pure: .asciz "%f"\ndebug_prefix: .asciz 
"debug - [line "\ndebug_suffix: .asciz "]: "\nstr_fmode_a: .asciz "a"\nstr_fmode_rw: .asciz "r+"\nstr_fmode_wp: .asciz 
"w+"\nstr_fmode_w: .asciz "w"\nstr_const_sys_platform: .asciz "macos"\nchar_strings:\n    .byte 0\n    .byte 0\n    
.byte 1\n    .byte 0\n    .byte 2\n    .byte 0\n    .byte 3\n    .byte 0\n    .byte 4\n    .byte 0\n    .byte 5\n    
.byte 0\n    .byte 6\n    .byte 0\n    .byte 7\n    .byte 0\n    .byte 8\n    .byte 0\n    .byte 9\n    .byte 0\n    
.byte 10\n    .byte 0\n    .byte 11\n    .byte 0\n    .byte 12\n    .byte 0\n    .byte 13\n    .byte 0\n    .byte 14\n 
   .byte 0\n    .byte 15\n    .byte 0\n    .byte 16\n    .byte 0\n    .byte 17\n    .byte 0\n    .byte 18\n    .byte 
0\n    .byte 19\n    .byte 0\n    .byte 20\n    .byte 0\n    .byte 21\n    .byte 0\n    .byte 22\n    .byte 0\n    
.byte 23\n    .byte 0\n    .byte 24\n    .byte 0\n    .byte 25\n    .byte 0\n    .byte 26\n    .byte 0\n    .byte 27\n 
   .byte 0\n    .byte 28\n    .byte 0\n    .byte 29\n    .byte 0\n    .byte 30\n    .byte 0\n    .byte 31\n    .byte 
0\n    .byte 32\n    .byte 0\n    .byte 33\n    .byte 0\n    .byte 34\n    .byte 0\n    .byte 35\n    .byte 0\n    
.byte 36\n    .byte 0\n    .byte 37\n    .byte 0\n    .byte 38\n    .byte 0\n    .byte 39\n    .byte 0\n    .byte 40\n 
   .byte 0\n    .byte 41\n    .byte 0\n    .byte 42\n    .byte 0\n    .byte 43\n    .byte 0\n    .byte 44\n    .byte 
0\n    .byte 45\n    .byte 0\n    .byte 46\n    .byte 0\n    .byte 47\n    .byte 0\n    .byte 48\n    .byte 0\n    
.byte 49\n    .byte 0\n    .byte 50\n    .byte 0\n    .byte 51\n    .byte 0\n    .byte 52\n    .byte 0\n    .byte 53\n 
   .byte 0\n    .byte 54\n    .byte 0\n    .byte 55\n    .byte 0\n    .byte 56\n    .byte 0\n    .byte 57\n    .byte 
0\n    .byte 58\n    .byte 0\n    .byte 59\n    .byte 0\n    .byte 60\n    .byte 0\n    .byte 61\n    .byte 0\n    
.byte 62\n    .byte 0\n    .byte 63\n    .byte 0\n    .byte 64\n    .byte 0\n    .byte 65\n    .byte 0\n    .byte 66\n 
   .byte 0\n    .byte 67\n    .byte 0\n    .byte 68\n    .byte 0\n    .byte 69\n    .byte 0\n    .byte 70\n    .byte 
0\n    .byte 71\n    .byte 0\n    .byte 72\n    .byte 0\n    .byte 73\n    .byte 0\n    .byte 74\n    .byte 0\n    
.byte 75\n    .byte 0\n    .byte 76\n    .byte 0\n    .byte 77\n    .byte 0\n    .byte 78\n    .byte 0\n    .byte 79\n 
   .byte 0\n    .byte 80\n    .byte 0\n    .byte 81\n    .byte 0\n    .byte 82\n    .byte 0\n    .byte 83\n    .byte 
0\n    .byte 84\n    .byte 0\n    .byte 85\n    .byte 0\n    .byte 86\n    .byte 0\n    .byte 87\n    .byte 0\n    
.byte 88\n    .byte 0\n    .byte 89\n    .byte 0\n    .byte 90\n    .byte 0\n    .byte 91\n    .byte 0\n    .byte 92\n 
   .byte 0\n    .byte 93\n    .byte 0\n    .byte 94\n    .byte 0\n    .byte 95\n    .byte 0\n    .byte 96\n    .byte 
0\n    .byte 97\n    .byte 0\n    .byte 98\n    .byte 0\n    .byte 99\n    .byte 0\n    .byte 100\n    .byte 0\n    
.byte 101\n    .byte 0\n    .byte 102\n    .byte 0\n    .byte 103\n    .byte 0\n    .byte 104\n    .byte 0\n    .byte 
105\n    .byte 0\n    .byte 106\n    .byte 0\n    .byte 107\n    .byte 0\n    .byte 108\n    .byte 0\n    .byte 109\n  
  .byte 0\n    .byte 110\n    .byte 0\n    .byte 111\n    .byte 0\n    .byte 112\n    .byte 0\n    .byte 113\n    
.byte 0\n    .byte 114\n    .byte 0\n    .byte 115\n    .byte 0\n    .byte 116\n    .byte 0\n    .byte 117\n    .byte 
0\n    .byte 118\n    .byte 0\n    .byte 119\n    .byte 0\n    .byte 120\n    .byte 0\n    .byte 121\n    .byte 0\n    
.byte 122\n    .byte 0\n    .byte 123\n    .byte 0\n    .byte 124\n    .byte 0\n    .byte 125\n    .byte 0\n    .byte 
126\n    .byte 0\n    .byte 127\n    .byte 0\n    .byte 128\n    .byte 0\n    .byte 129\n    .byte 0\n    .byte 130\n  
  .byte 0\n    .byte 131\n    .byte 0\n    .byte 132\n    .byte 0\n    .byte 133\n    .byte 0\n    .byte 134\n    
.byte 0\n    .byte 135\n    .byte 0\n    .byte 136\n    .byte 0\n    .byte 137\n    .byte 0\n    .byte 138\n    .byte 
0\n    .byte 139\n    .byte 0\n    .byte 140\n    .byte 0\n    .byte 141\n    .byte 0\n    .byte 142\n    .byte 0\n    
.byte 143\n    .byte 0\n    .byte 144\n    .byte 0\n    .byte 145\n    .byte 0\n    .byte 146\n    .byte 0\n    .byte 
147\n    .byte 0\n    .byte 148\n    .byte 0\n    .byte 149\n    .byte 0\n    .byte 150\n    .byte 0\n    .byte 151\n  
  .byte 0\n    .byte 152\n    .byte 0\n    .byte 153\n    .byte 0\n    .byte 154\n    .byte 0\n    .byte 155\n    
.byte 0\n    .byte 156\n    .byte 0\n    .byte 157\n    .byte 0\n    .byte 158\n    .byte 0\n    .byte 159\n    .byte 
0\n    .byte 160\n    .byte 0\n    .byte 161\n    .byte 0\n    .byte 162\n    .byte 0\n    .byte 163\n    .byte 0\n    
.byte 164\n    .byte 0\n    .byte 165\n    .byte 0\n    .byte 166\n    .byte 0\n    .byte 167\n    .byte 0\n    .byte 
168\n    .byte 0\n    .byte 169\n    .byte 0\n    .byte 170\n    .byte 0\n    .byte 171\n    .byte 0\n    .byte 172\n  
  .byte 0\n    .byte 173\n    .byte 0\n    .byte 174\n    .byte 0\n    .byte 175\n    .byte 0\n    .byte 176\n    
.byte 0\n    .byte 177\n    .byte 0\n    .byte 178\n    .byte 0\n    .byte 179\n    .byte 0\n    .byte 180\n    .byte 
0\n    .byte 181\n    .byte 0\n    .byte 182\n    .byte 0\n    .byte 183\n    .byte 0\n    .byte 184\n    .byte 0\n    
.byte 185\n    .byte 0\n    .byte 186\n    .byte 0\n    .byte 187\n    .byte 0\n    .byte 188\n    .byte 0\n    .byte 
189\n    .byte 0\n    .byte 190\n    .byte 0\n    .byte 191\n    .byte 0\n    .byte 192\n    .byte 0\n    .byte 193\n  
  .byte 0\n    .byte 194\n    .byte 0\n    .byte 195\n    .byte 0\n    .byte 196\n    .byte 0\n    .byte 197\n    
.byte 0\n    .byte 198\n    .byte 0\n    .byte 199\n    .byte 0\n    .byte 200\n    .byte 0\n    .byte 201\n    .byte 
0\n    .byte 202\n    .byte 0\n    .byte 203\n    .byte 0\n    .byte 204\n    .byte 0\n    .byte 205\n    .byte 0\n    
.byte 206\n    .byte 0\n    .byte 207\n    .byte 0\n    .byte 208\n    .byte 0\n    .byte 209\n    .byte 0\n    .byte 
210\n    .byte 0\n    .byte 211\n    .byte 0\n    .byte 212\n    .byte 0\n    .byte 213\n    .byte 0\n    .byte 214\n  
  .byte 0\n    .byte 215\n    .byte 0\n    .byte 216\n    .byte 0\n    .byte 217\n    .byte 0\n    .byte 218\n    
.byte 0\n    .byte 219\n    .byte 0\n    .byte 220\n    .byte 0\n    .byte 221\n    .byte 0\n    .byte 222\n    .byte 
0\n    .byte 223\n    .byte 0\n    .byte 224\n    .byte 0\n    .byte 225\n    .byte 0\n    .byte 226\n    .byte 0\n    
.byte 227\n    .byte 0\n    .byte 228\n    .byte 0\n    .byte 229\n    .byte 0\n    .byte 230\n    .byte 0\n    .byte 
231\n    .byte 0\n    .byte 232\n    .byte 0\n    .byte 233\n    .byte 0\n    .byte 234\n    .byte 0\n    .byte 235\n  
  .byte 0\n    .byte 236\n    .byte 0\n    .byte 237\n    .byte 0\n    .byte 238\n    .byte 0\n    .byte 239\n    
.byte 0\n    .byte 240\n    .byte 0\n    .byte 241\n    .byte 0\n    .byte 242\n    .byte 0\n    .byte 243\n    .byte 
0\n    .byte 244\n    .byte 0\n    .byte 245\n    .byte 0\n    .byte 246\n    .byte 0\n    .byte 247\n    .byte 0\n    
.byte 248\n    .byte 0\n    .byte 249\n    .byte 0\n    .byte 250\n    .byte 0\n    .byte 251\n    .byte 0\n    .byte 
252\n    .byte 0\n    .byte 253\n    .byte 0\n    .byte 254\n    .byte 0\n    .byte 255\n    .byte 0\nstr_0: .asciz 
"abc"\noob_msg: .asciz "Index Out Of Bounds\\n"'

----------------------------------------------------------------------
Ran 52 tests in 0.016s

FAILED (failures=2, errors=1)
